10:57:38.115 [restartedMain] INFO  com.plants_store.savannah_canopy.SavannahCanopyApplication - Starting SavannahCanopyApplication using Java 23.0.2 with PID 16728 (E:\2.Online MS CS\2nd Year\4th Semester Spring 2025\CPSC 597A_B\project_implementation\repo\Savannah-canopy_\savannah-canopy-rest\target\classes started by allen in E:\2.Online MS CS\2nd Year\4th Semester Spring 2025\CPSC 597A_B\project_implementation\repo\Savannah-canopy_)
10:57:38.128 [restartedMain] DEBUG com.plants_store.savannah_canopy.SavannahCanopyApplication - Running with Spring Boot v3.4.3, Spring v6.2.3
10:57:38.129 [restartedMain] INFO  com.plants_store.savannah_canopy.SavannahCanopyApplication - No active profile set, falling back to 1 default profile: "default"
10:57:41.627 [restartedMain] INFO  com.plants_store.savannah_canopy.SavannahCanopyApplication - Started SavannahCanopyApplication in 3.794 seconds (process running for 4.539)
11:07:10.128 [restartedMain] INFO  com.plants_store.savannah_canopy.SavannahCanopyApplication - Starting SavannahCanopyApplication using Java 23.0.2 with PID 14108 (E:\2.Online MS CS\2nd Year\4th Semester Spring 2025\CPSC 597A_B\project_implementation\repo\Savannah-canopy_\savannah-canopy-rest\target\classes started by allen in E:\2.Online MS CS\2nd Year\4th Semester Spring 2025\CPSC 597A_B\project_implementation\repo\Savannah-canopy_)
11:07:10.133 [restartedMain] DEBUG com.plants_store.savannah_canopy.SavannahCanopyApplication - Running with Spring Boot v3.4.3, Spring v6.2.3
11:07:10.133 [restartedMain] INFO  com.plants_store.savannah_canopy.SavannahCanopyApplication - No active profile set, falling back to 1 default profile: "default"
11:07:13.501 [restartedMain] INFO  com.plants_store.savannah_canopy.SavannahCanopyApplication - Started SavannahCanopyApplication in 3.637 seconds (process running for 4.303)
11:07:48.557 [http-nio-8080-exec-1] DEBUG com.plants_store.savannah_canopy.controller.PaymentController - Health check request received
11:07:48.557 [http-nio-8080-exec-1] INFO  com.plants_store.savannah_canopy.controller.PaymentController - Health check successful
11:08:04.081 [http-nio-8080-exec-3] ERROR com.plants_store.savannah_canopy.controller.PaymentController - Error occured
11:08:04.081 [http-nio-8080-exec-3] INFO  com.plants_store.savannah_canopy.controller.PaymentController - Check the app, you have a bug
14:56:50.514 [restartedMain] INFO  com.plants_store.savannah_canopy.SavannahCanopyApplication - Starting SavannahCanopyApplication using Java 23.0.2 with PID 28704 (E:\2.Online MS CS\2nd Year\4th Semester Spring 2025\CPSC 597A_B\project_implementation\repo\Savannah-canopy_\savannah-canopy-rest\target\classes started by allen in E:\2.Online MS CS\2nd Year\4th Semester Spring 2025\CPSC 597A_B\project_implementation\repo\Savannah-canopy_)
14:56:50.519 [restartedMain] DEBUG com.plants_store.savannah_canopy.SavannahCanopyApplication - Running with Spring Boot v3.4.3, Spring v6.2.3
14:56:50.519 [restartedMain] INFO  com.plants_store.savannah_canopy.SavannahCanopyApplication - No active profile set, falling back to 1 default profile: "default"
15:01:28.269 [restartedMain] INFO  com.plants_store.savannah_canopy.SavannahCanopyApplication - Starting SavannahCanopyApplication using Java 23.0.2 with PID 21732 (E:\2.Online MS CS\2nd Year\4th Semester Spring 2025\CPSC 597A_B\project_implementation\repo\Savannah-canopy_\savannah-canopy-rest\target\classes started by allen in E:\2.Online MS CS\2nd Year\4th Semester Spring 2025\CPSC 597A_B\project_implementation\repo\Savannah-canopy_)
15:01:28.275 [restartedMain] DEBUG com.plants_store.savannah_canopy.SavannahCanopyApplication - Running with Spring Boot v3.4.3, Spring v6.2.3
15:01:28.276 [restartedMain] INFO  com.plants_store.savannah_canopy.SavannahCanopyApplication - No active profile set, falling back to 1 default profile: "default"
15:03:14.064 [restartedMain] INFO  com.plants_store.savannah_canopy.SavannahCanopyApplication - Starting SavannahCanopyApplication using Java 23.0.2 with PID 17324 (E:\2.Online MS CS\2nd Year\4th Semester Spring 2025\CPSC 597A_B\project_implementation\repo\Savannah-canopy_\savannah-canopy-rest\target\classes started by allen in E:\2.Online MS CS\2nd Year\4th Semester Spring 2025\CPSC 597A_B\project_implementation\repo\Savannah-canopy_)
15:03:14.069 [restartedMain] DEBUG com.plants_store.savannah_canopy.SavannahCanopyApplication - Running with Spring Boot v3.4.3, Spring v6.2.3
15:03:14.069 [restartedMain] INFO  com.plants_store.savannah_canopy.SavannahCanopyApplication - No active profile set, falling back to 1 default profile: "default"
15:05:24.993 [restartedMain] INFO  com.plants_store.savannah_canopy.SavannahCanopyApplication - Starting SavannahCanopyApplication using Java 23.0.2 with PID 32012 (E:\2.Online MS CS\2nd Year\4th Semester Spring 2025\CPSC 597A_B\project_implementation\repo\Savannah-canopy_\savannah-canopy-rest\target\classes started by allen in E:\2.Online MS CS\2nd Year\4th Semester Spring 2025\CPSC 597A_B\project_implementation\repo\Savannah-canopy_)
15:05:25.000 [restartedMain] DEBUG com.plants_store.savannah_canopy.SavannahCanopyApplication - Running with Spring Boot v3.4.3, Spring v6.2.3
15:05:25.000 [restartedMain] INFO  com.plants_store.savannah_canopy.SavannahCanopyApplication - No active profile set, falling back to 1 default profile: "default"
15:05:35.149 [restartedMain] INFO  com.plants_store.savannah_canopy.SavannahCanopyApplication - Starting SavannahCanopyApplication using Java 23.0.2 with PID 32716 (E:\2.Online MS CS\2nd Year\4th Semester Spring 2025\CPSC 597A_B\project_implementation\repo\Savannah-canopy_\savannah-canopy-rest\target\classes started by allen in E:\2.Online MS CS\2nd Year\4th Semester Spring 2025\CPSC 597A_B\project_implementation\repo\Savannah-canopy_)
15:05:35.156 [restartedMain] DEBUG com.plants_store.savannah_canopy.SavannahCanopyApplication - Running with Spring Boot v3.4.3, Spring v6.2.3
15:05:35.159 [restartedMain] INFO  com.plants_store.savannah_canopy.SavannahCanopyApplication - No active profile set, falling back to 1 default profile: "default"
15:05:38.464 [restartedMain] INFO  com.plants_store.savannah_canopy.SavannahCanopyApplication - Started SavannahCanopyApplication in 3.591 seconds (process running for 4.262)
15:09:11.302 [restartedMain] INFO  com.plants_store.savannah_canopy.SavannahCanopyApplication - Starting SavannahCanopyApplication using Java 23.0.2 with PID 32408 (E:\2.Online MS CS\2nd Year\4th Semester Spring 2025\CPSC 597A_B\project_implementation\repo\Savannah-canopy_\savannah-canopy-rest\target\classes started by allen in E:\2.Online MS CS\2nd Year\4th Semester Spring 2025\CPSC 597A_B\project_implementation\repo\Savannah-canopy_)
15:09:11.309 [restartedMain] DEBUG com.plants_store.savannah_canopy.SavannahCanopyApplication - Running with Spring Boot v3.4.3, Spring v6.2.3
15:09:11.314 [restartedMain] INFO  com.plants_store.savannah_canopy.SavannahCanopyApplication - No active profile set, falling back to 1 default profile: "default"
15:09:14.689 [restartedMain] INFO  com.plants_store.savannah_canopy.SavannahCanopyApplication - Started SavannahCanopyApplication in 3.638 seconds (process running for 4.289)
15:09:19.981 [http-nio-8080-exec-1] ERROR com.plants_store.savannah_canopy.controller.PaymentController - Error occured
15:09:19.981 [http-nio-8080-exec-1] INFO  com.plants_store.savannah_canopy.controller.PaymentController - Check the app, you have a bug
